e:\linux\secp256k1_pythonlibrary\windows_version\secp256k1_lib\secp256k1_lib\x64\release\vc143.pdb
e:\linux\secp256k1_pythonlibrary\windows_version\secp256k1_lib\secp256k1_lib\x64\release\timer.obj
e:\linux\secp256k1_pythonlibrary\windows_version\secp256k1_lib\secp256k1_lib\x64\release\secp256k1_lib.obj
e:\linux\secp256k1_pythonlibrary\windows_version\secp256k1_lib\secp256k1_lib\x64\release\secp256k1.obj
e:\linux\secp256k1_pythonlibrary\windows_version\secp256k1_lib\secp256k1_lib\x64\release\random.obj
e:\linux\secp256k1_pythonlibrary\windows_version\secp256k1_lib\secp256k1_lib\x64\release\point.obj
e:\linux\secp256k1_pythonlibrary\windows_version\secp256k1_lib\secp256k1_lib\x64\release\intmod.obj
e:\linux\secp256k1_pythonlibrary\windows_version\secp256k1_lib\secp256k1_lib\x64\release\intgroup.obj
e:\linux\secp256k1_pythonlibrary\windows_version\secp256k1_lib\secp256k1_lib\x64\release\int.obj
e:\linux\secp256k1_pythonlibrary\windows_version\secp256k1_lib\secp256k1_lib\x64\release\sha512.obj
e:\linux\secp256k1_pythonlibrary\windows_version\secp256k1_lib\secp256k1_lib\x64\release\sha256.obj
e:\linux\secp256k1_pythonlibrary\windows_version\secp256k1_lib\secp256k1_lib\x64\release\ripemd160.obj
e:\linux\secp256k1_pythonlibrary\windows_version\secp256k1_lib\secp256k1_lib\x64\release\bloom.obj
e:\linux\secp256k1_pythonlibrary\windows_version\secp256k1_lib\secp256k1_lib\x64\release\bech32.obj
e:\linux\secp256k1_pythonlibrary\windows_version\secp256k1_lib\secp256k1_lib\x64\release\base58.obj
e:\linux\secp256k1_pythonlibrary\windows_version\secp256k1_lib\x64\release\secp256k1_lib.dll
e:\linux\secp256k1_pythonlibrary\windows_version\secp256k1_lib\x64\release\secp256k1_lib.pdb
e:\linux\secp256k1_pythonlibrary\windows_version\secp256k1_lib\x64\release\secp256k1_lib.lib
e:\linux\secp256k1_pythonlibrary\windows_version\secp256k1_lib\x64\release\secp256k1_lib.exp
e:\linux\secp256k1_pythonlibrary\windows_version\secp256k1_lib\secp256k1_lib\x64\release\secp256k1_lib.ipdb
e:\linux\secp256k1_pythonlibrary\windows_version\secp256k1_lib\secp256k1_lib\x64\release\secp256k1_lib.iobj
e:\linux\secp256k1_pythonlibrary\windows_version\secp256k1_lib\secp256k1_lib\x64\release\secp256k1_lib.tlog\cl.command.1.tlog
e:\linux\secp256k1_pythonlibrary\windows_version\secp256k1_lib\secp256k1_lib\x64\release\secp256k1_lib.tlog\cl.items.tlog
e:\linux\secp256k1_pythonlibrary\windows_version\secp256k1_lib\secp256k1_lib\x64\release\secp256k1_lib.tlog\cl.read.1.tlog
e:\linux\secp256k1_pythonlibrary\windows_version\secp256k1_lib\secp256k1_lib\x64\release\secp256k1_lib.tlog\cl.write.1.tlog
e:\linux\secp256k1_pythonlibrary\windows_version\secp256k1_lib\secp256k1_lib\x64\release\secp256k1_lib.tlog\link.command.1.tlog
e:\linux\secp256k1_pythonlibrary\windows_version\secp256k1_lib\secp256k1_lib\x64\release\secp256k1_lib.tlog\link.read.1.tlog
e:\linux\secp256k1_pythonlibrary\windows_version\secp256k1_lib\secp256k1_lib\x64\release\secp256k1_lib.tlog\link.secondary.1.tlog
e:\linux\secp256k1_pythonlibrary\windows_version\secp256k1_lib\secp256k1_lib\x64\release\secp256k1_lib.tlog\link.write.1.tlog
